> Task :checkKotlinGradlePluginConfigurationErrors
> Task :compileKotlin UP-TO-DATE
> Task :compileJava NO-SOURCE
> Task :processResources UP-TO-DATE
> Task :classes UP-TO-DATE
> Task :compileTestKotlin UP-TO-DATE
> Task :compileTestJava NO-SOURCE
> Task :processTestResources UP-TO-DATE
> Task :testClasses UP-TO-DATE
> Task :test FAILED

Deprecated Gradle features were used in this build, making it incompatible with Gradle 9.0.

You can use '--warning-mode all' to show the individual deprecation warnings and determine if they come from your own scripts or plugins.

For more on this, please refer to https://docs.gradle.org/8.4/userguide/command_line_interface.html#sec:command_line_warnings in the Gradle documentation.
6 actionable tasks: 2 executed, 4 up-to-date
